Using pre-set license
Built from '6000.0/staging' branch; Version is '6000.0.42f1 (feb9a7235030) revision 16693671'; Using compiler version '193933523'; Build Type 'Release'
OS: 'Windows 11  (10.0.26100) 64bit Professional' Language: 'pt' Physical Memory: 16310 MB
BatchMode: 1, IsHumanControllingUs: 0, StartBugReporterOnCrash: 0, Is64bit: 1, IsPro: 1

COMMAND LINE ARGUMENTS:
C:\Program Files\Unity\Hub\Editor\6000.0.42f1-x86_64\Editor\Unity.exe
-adb2
-batchMode
-noUpm
-name
AssetImportWorker4
-projectPath
C:/Users/gabriel/Documents/GitHub/Drusila
-logFile
Logs/AssetImportWorker4.log
-srvPort
50991
-job-worker-count
7
-background-job-worker-count
8
-gc-helper-count
1
Successfully changed project path to: C:/Users/gabriel/Documents/GitHub/Drusila
C:/Users/gabriel/Documents/GitHub/Drusila
[UnityMemory] Configuration Parameters - Can be set up in boot.config
    "memorysetup-bucket-allocator-granularity=16"
    "memorysetup-bucket-allocator-bucket-count=8"
    "memorysetup-bucket-allocator-block-size=33554432"
    "memorysetup-bucket-allocator-block-count=8"
    "memorysetup-main-allocator-block-size=16777216"
    "memorysetup-thread-allocator-block-size=16777216"
    "memorysetup-gfx-main-allocator-block-size=16777216"
    "memorysetup-gfx-thread-allocator-block-size=16777216"
    "memorysetup-cache-allocator-block-size=4194304"
    "memorysetup-typetree-allocator-block-size=2097152"
    "memorysetup-profiler-bucket-allocator-granularity=16"
    "memorysetup-profiler-bucket-allocator-bucket-count=8"
    "memorysetup-profiler-bucket-allocator-block-size=33554432"
    "memorysetup-profiler-bucket-allocator-block-count=8"
    "memorysetup-profiler-allocator-block-size=16777216"
    "memorysetup-profiler-editor-allocator-block-size=1048576"
    "memorysetup-temp-allocator-size-main=16777216"
    "memorysetup-job-temp-allocator-block-size=2097152"
    "memorysetup-job-temp-allocator-block-size-background=1048576"
    "memorysetup-job-temp-allocator-reduction-small-platforms=262144"
    "memorysetup-allocator-temp-initial-block-size-main=262144"
    "memorysetup-allocator-temp-initial-block-size-worker=262144"
    "memorysetup-temp-allocator-size-background-worker=32768"
    "memorysetup-temp-allocator-size-job-worker=262144"
    "memorysetup-temp-allocator-size-preload-manager=33554432"
    "memorysetup-temp-allocator-size-nav-mesh-worker=65536"
    "memorysetup-temp-allocator-size-audio-worker=65536"
    "memorysetup-temp-allocator-size-cloud-worker=32768"
    "memorysetup-temp-allocator-size-gi-baking-worker=262144"
    "memorysetup-temp-allocator-size-gi-baking-worker=262144"
    "memorysetup-temp-allocator-size-gi-baking-worker=262144"
    "memorysetup-temp-allocator-size-gi-baking-worker=262144"
    "memorysetup-temp-allocator-size-gi-baking-worker=262144"
    "memorysetup-temp-allocator-size-gfx=262144"
Player connection [20732]  Target information:

Player connection [20732]  * "[IP] 192.168.0.35 [Port] 0 [Flags] 2 [Guid] 1708418002 [EditorId] 1708418002 [Version] 1048832 [Id] WindowsEditor(7,gabwin) [Debug] 1 [PackageName] WindowsEditor [ProjectName] Editor" 

Player connection [20732]  * "[IP] 192.168.56.1 [Port] 0 [Flags] 2 [Guid] 1708418002 [EditorId] 1708418002 [Version] 1048832 [Id] WindowsEditor(7,gabwin) [Debug] 1 [PackageName] WindowsEditor [ProjectName] Editor" 

Player connection [20732] Host joined multi-casting on [225.0.0.222:54997]...
Player connection [20732] Host joined alternative multi-casting on [225.0.0.222:34997]...
JobSystem: Creating JobQueue using job-worker-count value 7
Input System module state changed to: Initialized.
[Physics::Module] Initialized fallback backend.
[Physics::Module] Id: 0xdecafbad
Library Redirect Path: Library/
[Physics::Module] Selected backend.
[Physics::Module] Name: PhysX
[Physics::Module] Id: 0xf2b8ea05
[Physics::Module] SDK Version: 4.1.2
[Physics::Module] Integration Version: 1.0.0
[Physics::Module] Threading Mode: Multi-Threaded
Refreshing native plugins compatible for Editor in 2.29 ms, found 4 plugins.
Preloading 0 native plugins for Editor in 0.00 ms.
Initialize engine version: 6000.0.42f1 (feb9a7235030)
[Subsystems] Discovering subsystems at path C:/Program Files/Unity/Hub/Editor/6000.0.42f1-x86_64/Editor/Data/Resources/UnitySubsystems
[Subsystems] Discovering subsystems at path C:/Users/gabriel/Documents/GitHub/Drusila/Assets
GfxDevice: creating device client; kGfxThreadingModeNonThreaded
Direct3D:
    Version:  Direct3D 11.0 [level 11.1]
    Renderer: AMD Radeon RX 7600 (ID=0x7480)
    Vendor:   ATI
    VRAM:     8176 MB
    Driver:   32.0.21013.1000
Initialize mono
Mono path[0] = 'C:/Program Files/Unity/Hub/Editor/6000.0.42f1-x86_64/Editor/Data/Managed'
Mono path[1] = 'C:/Program Files/Unity/Hub/Editor/6000.0.42f1-x86_64/Editor/Data/MonoBleedingEdge/lib/mono/unityjit-win32'
Mono config path = 'C:/Program Files/Unity/Hub/Editor/6000.0.42f1-x86_64/Editor/Data/MonoBleedingEdge/etc'
Using monoOptions --debugger-agent=transport=dt_socket,embedding=1,server=y,suspend=n,address=127.0.0.1:56228
Begin MonoManager ReloadAssembly
Registering precompiled unity dll's ...
Register platform support module: C:/Program Files/Unity/Hub/Editor/6000.0.42f1-x86_64/Editor/Data/PlaybackEngines/WindowsStandaloneSupport/UnityEditor.WindowsStandalone.Extensions.dll
Registered in 0.002488 seconds.
- Loaded All Assemblies, in  0.327 seconds
Native extension for WindowsStandalone target not found
Mono: successfully reloaded assembly
- Finished resetting the current domain, in  0.288 seconds
Domain Reload Profiling: 613ms
	BeginReloadAssembly (117ms)
		ExecutionOrderSort (0ms)
		DisableScriptedObjects (0ms)
		BackupInstance (0ms)
		ReleaseScriptingObjects (0ms)
		CreateAndSetChildDomain (1ms)
	RebuildCommonClasses (32ms)
	RebuildNativeTypeToScriptingClass (10ms)
	initialDomainReloadingComplete (42ms)
	LoadAllAssembliesAndSetupDomain (124ms)
		LoadAssemblies (115ms)
		RebuildTransferFunctionScriptingTraits (0ms)
		AnalyzeDomain (121ms)
			TypeCache.Refresh (120ms)
				TypeCache.ScanAssembly (111ms)
			BuildScriptInfoCaches (0ms)
			ResolveRequiredComponents (0ms)
	FinalizeReload (288ms)
		ReleaseScriptCaches (0ms)
		RebuildScriptCaches (0ms)
		SetupLoadedEditorAssemblies (249ms)
			LogAssemblyErrors (0ms)
			InitializePlatformSupportModulesInManaged (17ms)
			SetLoadedEditorAssemblies (4ms)
			BeforeProcessingInitializeOnLoad (47ms)
			ProcessInitializeOnLoadAttributes (134ms)
			ProcessInitializeOnLoadMethodAttributes (48ms)
			AfterProcessingInitializeOnLoad (0ms)
			EditorAssembliesLoaded (0ms)
		ExecutionOrderSort2 (0ms)
		AwakeInstancesAfterBackupRestoration (0ms)
Assembly reference Packages/com.unity.cinemachine/Editor/Samples/ExposeHDRPInternals/HDRP-Editor-ref.asmref has no target assembly definition
========================================================================
Worker process is ready to serve import requests
Import Worker Mode flag is 0x00
Assembly reference Packages/com.unity.cinemachine/Editor/Samples/ExposeHDRPInternals/HDRP-Editor-ref.asmref has no target assembly definition
Assembly reference Packages/com.unity.cinemachine/Editor/Samples/ExposeHDRPInternals/HDRP-Editor-ref.asmref has no target assembly definition
Begin MonoManager ReloadAssembly
- Loaded All Assemblies, in  0.672 seconds
Assembly reference Packages/com.unity.cinemachine/Editor/Samples/ExposeHDRPInternals/HDRP-Editor-ref.asmref has no target assembly definition
'Packages/com.unity.cinemachine/Editor/Obsolete/CinemachineVirtualCameraBaseEditor.cs' contains partial class of Unity.Object, exactly 1 of the partial classes needs to be in a file with the same filename. This is to know the one that can be referenced from ie. GameObjects
'Packages/com.unity.cinemachine/Editor/Editors/CinemachineVirtualCameraBaseEditor.cs' contains partial class of Unity.Object, exactly 1 of the partial classes needs to be in a file with the same filename. This is to know the one that can be referenced from ie. GameObjects
Refreshing native plugins compatible for Editor in 1.62 ms, found 4 plugins.
Native extension for WindowsStandalone target not found
Assembly reference Packages/com.unity.cinemachine/Editor/Samples/ExposeHDRPInternals/HDRP-Editor-ref.asmref has no target assembly definition
Package Manager log level set to [2]
[Package Manager] Failed to launch server process. Reason: Unity was launched with the -noUpm command-line argument
[Package Manager] Unable to send message (not connected to server process).
[Package Manager] Cannot connect to Unity Package Manager local server
Mono: successfully reloaded assembly
- Finished resetting the current domain, in  0.672 seconds
Domain Reload Profiling: 1341ms
	BeginReloadAssembly (142ms)
		ExecutionOrderSort (0ms)
		DisableScriptedObjects (5ms)
		BackupInstance (0ms)
		ReleaseScriptingObjects (0ms)
		CreateAndSetChildDomain (22ms)
	RebuildCommonClasses (29ms)
	RebuildNativeTypeToScriptingClass (10ms)
	initialDomainReloadingComplete (32ms)
	LoadAllAssembliesAndSetupDomain (455ms)
		LoadAssemblies (305ms)
		RebuildTransferFunctionScriptingTraits (0ms)
		AnalyzeDomain (237ms)
			TypeCache.Refresh (168ms)
				TypeCache.ScanAssembly (155ms)
			BuildScriptInfoCaches (55ms)
			ResolveRequiredComponents (12ms)
	FinalizeReload (672ms)
		ReleaseScriptCaches (0ms)
		RebuildScriptCaches (0ms)
		SetupLoadedEditorAssemblies (548ms)
			LogAssemblyErrors (0ms)
			InitializePlatformSupportModulesInManaged (2ms)
			SetLoadedEditorAssemblies (5ms)
			BeforeProcessingInitializeOnLoad (103ms)
			ProcessInitializeOnLoadAttributes (344ms)
			ProcessInitializeOnLoadMethodAttributes (91ms)
			AfterProcessingInitializeOnLoad (4ms)
			EditorAssembliesLoaded (0ms)
		ExecutionOrderSort2 (0ms)
		AwakeInstancesAfterBackupRestoration (5ms)
Launched and connected shader compiler UnityShaderCompiler.exe after 0.01 seconds
Refreshing native plugins compatible for Editor in 1.60 ms, found 4 plugins.
Preloading 0 native plugins for Editor in 0.00 ms.
Unloading 222 Unused Serialized files (Serialized files now loaded: 0)
Unloading 6990 unused Assets / (5.1 MB). Loaded Objects now: 7704.
Memory consumption went from 181.0 MB to 176.0 MB.
Total: 7.943600 ms (FindLiveObjects: 0.903900 ms CreateObjectMapping: 0.398800 ms MarkObjects: 4.478400 ms  DeleteObjects: 2.162000 ms)

========================================================================
Received Import Request.
  Time since last request: 34511.265675 seconds.
  path: Assets/Settings/Lit2DSceneTemplate.scenetemplate
  artifactKey: Guid(d03ed43fc9d8a4f2e9fa70c1c7916eb9) Importer(815301076,1909f56bfc062723c751e8b465ee728b)
Start importing Assets/Settings/Lit2DSceneTemplate.scenetemplate using Guid(d03ed43fc9d8a4f2e9fa70c1c7916eb9) Importer(815301076,1909f56bfc062723c751e8b465ee728b) (PreviewImporter) -> (artifact id: 'f4ac2fd3992e63d8c9dfca35b2a06dbb') in 0.094947 seconds
Number of updated asset objects reloaded before import = 0Number of asset objects unloaded after import = 5

========================================================================
Received Import Request.
  Time since last request: 1820.026582 seconds.
  path: Assets/Bandits - Pixel Art
  artifactKey: Guid(f2ef22d78b411bb4a98a0cae4e158b09) Importer(815301076,1909f56bfc062723c751e8b465ee728b)
Start importing Assets/Bandits - Pixel Art using Guid(f2ef22d78b411bb4a98a0cae4e158b09) Importer(815301076,1909f56bfc062723c751e8b465ee728b) (PreviewImporter) -> (artifact id: '6fa5732dc5a6256fa4f6b3f3a7d8107b') in 0.0004739 seconds
Number of updated asset objects reloaded before import = 0Number of asset objects unloaded after import = 0

========================================================================
Received Import Request.
  Time since last request: 3.365047 seconds.
  path: Assets/Galeria/Dragon Warrior Files
  artifactKey: Guid(96cc9bc3ed3548240888bb7bcc14cb85) Importer(815301076,1909f56bfc062723c751e8b465ee728b)
Start importing Assets/Galeria/Dragon Warrior Files using Guid(96cc9bc3ed3548240888bb7bcc14cb85) Importer(815301076,1909f56bfc062723c751e8b465ee728b) (PreviewImporter) -> (artifact id: 'df02b7c1518f62137a47b1b0a331b057') in 0.0003956 seconds
Number of updated asset objects reloaded before import = 0Number of asset objects unloaded after import = 0

========================================================================
Received Import Request.
  Time since last request: 1.924333 seconds.
  path: Assets/Galeria/Dragon Warrior Files/Effects
  artifactKey: Guid(f79dd284116cec24ca538e77fb47d5dd) Importer(815301076,1909f56bfc062723c751e8b465ee728b)
Start importing Assets/Galeria/Dragon Warrior Files/Effects using Guid(f79dd284116cec24ca538e77fb47d5dd) Importer(815301076,1909f56bfc062723c751e8b465ee728b) (PreviewImporter) -> (artifact id: '743218e9e0bf9a42f9c9ec453b645b09') in 0.0003464 seconds
Number of updated asset objects reloaded before import = 0Number of asset objects unloaded after import = 0

========================================================================
Received Import Request.
  Time since last request: 0.047504 seconds.
  path: Assets/Galeria/Dragon Warrior Files/Effects/dashwind_01.png
  artifactKey: Guid(087330196575cb349a5822e5936a769f) Importer(815301076,1909f56bfc062723c751e8b465ee728b)
Start importing Assets/Galeria/Dragon Warrior Files/Effects/dashwind_01.png using Guid(087330196575cb349a5822e5936a769f) Importer(815301076,1909f56bfc062723c751e8b465ee728b) (PreviewImporter) -> (artifact id: '80b837defe84326fe4f1b8f6129243ce') in 0.0456247 seconds
Number of updated asset objects reloaded before import = 0Number of asset objects unloaded after import = 3

========================================================================
Received Import Request.
  Time since last request: 0.000017 seconds.
  path: Assets/Galeria/Dragon Warrior Files/Effects/dashwind_06.png
  artifactKey: Guid(96f5eb2ddc8448f47972a4894ee8f3be) Importer(815301076,1909f56bfc062723c751e8b465ee728b)
Start importing Assets/Galeria/Dragon Warrior Files/Effects/dashwind_06.png using Guid(96f5eb2ddc8448f47972a4894ee8f3be) Importer(815301076,1909f56bfc062723c751e8b465ee728b) (PreviewImporter) -> (artifact id: 'ce10bfb8e999f6d83029806090ac6af4') in 0.0105173 seconds
Number of updated asset objects reloaded before import = 0Number of asset objects unloaded after import = 3

========================================================================
Received Import Request.
  Time since last request: 0.000019 seconds.
  path: Assets/Galeria/Dragon Warrior Files/Effects/fireball_02.png
  artifactKey: Guid(e29ecfc679eed7f4886ea00aa8f39cb0) Importer(815301076,1909f56bfc062723c751e8b465ee728b)
Start importing Assets/Galeria/Dragon Warrior Files/Effects/fireball_02.png using Guid(e29ecfc679eed7f4886ea00aa8f39cb0) Importer(815301076,1909f56bfc062723c751e8b465ee728b) (PreviewImporter) -> (artifact id: '5d8ba7cbc8044d2ab8680dd7a94342ed') in 0.0113931 seconds
Number of updated asset objects reloaded before import = 0Number of asset objects unloaded after import = 3

========================================================================
Received Import Request.
  Time since last request: 0.000011 seconds.
  path: Assets/Galeria/Dragon Warrior Files/Effects/iblast_02.png
  artifactKey: Guid(b5591859471ec5043a8d9b0823b8e199) Importer(815301076,1909f56bfc062723c751e8b465ee728b)
Start importing Assets/Galeria/Dragon Warrior Files/Effects/iblast_02.png using Guid(b5591859471ec5043a8d9b0823b8e199) Importer(815301076,1909f56bfc062723c751e8b465ee728b) (PreviewImporter) -> (artifact id: 'f622d77b0b62ee016b9c0cf366e8602b') in 0.0103072 seconds
Number of updated asset objects reloaded before import = 0Number of asset objects unloaded after import = 3

========================================================================
Received Import Request.
  Time since last request: 0.000010 seconds.
  path: Assets/Galeria/Dragon Warrior Files/Effects/explosion_04.png
  artifactKey: Guid(a08cb5e6da786564db16cfaba3ffe0cc) Importer(815301076,1909f56bfc062723c751e8b465ee728b)
Start importing Assets/Galeria/Dragon Warrior Files/Effects/explosion_04.png using Guid(a08cb5e6da786564db16cfaba3ffe0cc) Importer(815301076,1909f56bfc062723c751e8b465ee728b) (PreviewImporter) -> (artifact id: '6cf55cdbb5698d03d0cfd7c6f31cb0fd') in 0.0114014 seconds
Number of updated asset objects reloaded before import = 0Number of asset objects unloaded after import = 3

========================================================================
Received Import Request.
  Time since last request: 0.000013 seconds.
  path: Assets/Galeria/Dragon Warrior Files/Effects/iblast_01.png
  artifactKey: Guid(e0b16a377f17da741be514a884ceeca3) Importer(815301076,1909f56bfc062723c751e8b465ee728b)
Start importing Assets/Galeria/Dragon Warrior Files/Effects/iblast_01.png using Guid(e0b16a377f17da741be514a884ceeca3) Importer(815301076,1909f56bfc062723c751e8b465ee728b) (PreviewImporter) -> (artifact id: '38cfd67baa470120c0c2c53637b132c0') in 0.0135442 seconds
Number of updated asset objects reloaded before import = 0Number of asset objects unloaded after import = 3

========================================================================
Received Import Request.
  Time since last request: 0.000011 seconds.
  path: Assets/Galeria/Dragon Warrior Files/Effects/explosion_03.png
  artifactKey: Guid(c7306be4ce3c0a0469c3a9a2a2362408) Importer(815301076,1909f56bfc062723c751e8b465ee728b)
Start importing Assets/Galeria/Dragon Warrior Files/Effects/explosion_03.png using Guid(c7306be4ce3c0a0469c3a9a2a2362408) Importer(815301076,1909f56bfc062723c751e8b465ee728b) (PreviewImporter) -> (artifact id: '2c9968884ee9de6422e7f0ba5dd2fd57') in 0.011867 seconds
Number of updated asset objects reloaded before import = 0Number of asset objects unloaded after import = 3

========================================================================
Received Import Request.
  Time since last request: 0.000011 seconds.
  path: Assets/Galeria/Dragon Warrior Files/Effects/explosion_02.png
  artifactKey: Guid(10aa3a116ac3b5b48a4baafd59720ea2) Importer(815301076,1909f56bfc062723c751e8b465ee728b)
Start importing Assets/Galeria/Dragon Warrior Files/Effects/explosion_02.png using Guid(10aa3a116ac3b5b48a4baafd59720ea2) Importer(815301076,1909f56bfc062723c751e8b465ee728b) (PreviewImporter) -> (artifact id: '7de46d9072993e40fda5d06b93e77df5') in 0.0103758 seconds
Number of updated asset objects reloaded before import = 0Number of asset objects unloaded after import = 3

========================================================================
Received Import Request.
  Time since last request: 0.000015 seconds.
  path: Assets/Galeria/Dragon Warrior Files/Effects/dashwind_04.png
  artifactKey: Guid(de9714f3b21127e4196ebe9bd2163252) Importer(815301076,1909f56bfc062723c751e8b465ee728b)
Start importing Assets/Galeria/Dragon Warrior Files/Effects/dashwind_04.png using Guid(de9714f3b21127e4196ebe9bd2163252) Importer(815301076,1909f56bfc062723c751e8b465ee728b) (PreviewImporter) -> (artifact id: '0d323f8fc2538435ca05cfe68df726c2') in 0.0101817 seconds
Number of updated asset objects reloaded before import = 0Number of asset objects unloaded after import = 3

========================================================================
Received Import Request.
  Time since last request: 13.243462 seconds.
  path: Assets/Galeria/karsiori/TileMap
  artifactKey: Guid(f0a42fdbfcc70674095ba99a4a5da981) Importer(815301076,1909f56bfc062723c751e8b465ee728b)
Start importing Assets/Galeria/karsiori/TileMap using Guid(f0a42fdbfcc70674095ba99a4a5da981) Importer(815301076,1909f56bfc062723c751e8b465ee728b) (PreviewImporter) -> (artifact id: '3a69a744c3bc586f00070b99c0c3fd04') in 0.0004214 seconds
Number of updated asset objects reloaded before import = 0Number of asset objects unloaded after import = 0

========================================================================
Received Import Request.
  Time since last request: 1.566186 seconds.
  path: Assets/Galeria/karsiori/TileMap/Backgrounds
  artifactKey: Guid(d74bfa70216838f48920b22d92b9b272) Importer(815301076,1909f56bfc062723c751e8b465ee728b)
Start importing Assets/Galeria/karsiori/TileMap/Backgrounds using Guid(d74bfa70216838f48920b22d92b9b272) Importer(815301076,1909f56bfc062723c751e8b465ee728b) (PreviewImporter) -> (artifact id: '67f44bf7cbd38fb8614a372e059864b2') in 0.0003888 seconds
Number of updated asset objects reloaded before import = 0Number of asset objects unloaded after import = 0

========================================================================
Received Import Request.
  Time since last request: 0.040748 seconds.
  path: Assets/Galeria/karsiori/TileMap/Backgrounds/BACKGROUND.png
  artifactKey: Guid(f44fd67bd73d546469d7c317fcd1d5ae) Importer(815301076,1909f56bfc062723c751e8b465ee728b)
Start importing Assets/Galeria/karsiori/TileMap/Backgrounds/BACKGROUND.png using Guid(f44fd67bd73d546469d7c317fcd1d5ae) Importer(815301076,1909f56bfc062723c751e8b465ee728b) (PreviewImporter) -> (artifact id: 'b65fae4c0ecff822459d4a5b00d69d56') in 0.0121563 seconds
Number of updated asset objects reloaded before import = 0Number of asset objects unloaded after import = 3

========================================================================
Received Import Request.
  Time since last request: 0.000011 seconds.
  path: Assets/Galeria/karsiori/TileMap/Backgrounds/WOODS - First.png
  artifactKey: Guid(4a0bf6774f40eeb419adfda6b54d5c1f) Importer(815301076,1909f56bfc062723c751e8b465ee728b)
Start importing Assets/Galeria/karsiori/TileMap/Backgrounds/WOODS - First.png using Guid(4a0bf6774f40eeb419adfda6b54d5c1f) Importer(815301076,1909f56bfc062723c751e8b465ee728b) (PreviewImporter) -> (artifact id: '7a381c2189f9d393910dbf061aab5bad') in 0.0119623 seconds
Number of updated asset objects reloaded before import = 0Number of asset objects unloaded after import = 3

========================================================================
Received Import Request.
  Time since last request: 0.000012 seconds.
  path: Assets/Galeria/karsiori/TileMap/Backgrounds/WOODS - Fourth.png
  artifactKey: Guid(0e8e998796118084d8b33b5085a3560b) Importer(815301076,1909f56bfc062723c751e8b465ee728b)
Start importing Assets/Galeria/karsiori/TileMap/Backgrounds/WOODS - Fourth.png using Guid(0e8e998796118084d8b33b5085a3560b) Importer(815301076,1909f56bfc062723c751e8b465ee728b) (PreviewImporter) -> (artifact id: 'a7a880475c08d12270c038ee21095a61') in 0.0109473 seconds
Number of updated asset objects reloaded before import = 0Number of asset objects unloaded after import = 3

========================================================================
Received Import Request.
  Time since last request: 1.698200 seconds.
  path: Assets/Galeria/karsiori/TileMap/Decorations
  artifactKey: Guid(8c8aacf5e651f5c4f925b03ec1f407d8) Importer(815301076,1909f56bfc062723c751e8b465ee728b)
Start importing Assets/Galeria/karsiori/TileMap/Decorations using Guid(8c8aacf5e651f5c4f925b03ec1f407d8) Importer(815301076,1909f56bfc062723c751e8b465ee728b) (PreviewImporter) -> (artifact id: '7723bb368b3158abcd7daf96d61fc9b0') in 0.0004171 seconds
Number of updated asset objects reloaded before import = 0Number of asset objects unloaded after import = 0

========================================================================
Received Import Request.
  Time since last request: 0.065356 seconds.
  path: Assets/Galeria/karsiori/TileMap/Decorations/BUSH FOREGROUND 1-1.png
  artifactKey: Guid(390501f7c18ef384eb17584a5b462691) Importer(815301076,1909f56bfc062723c751e8b465ee728b)
Start importing Assets/Galeria/karsiori/TileMap/Decorations/BUSH FOREGROUND 1-1.png using Guid(390501f7c18ef384eb17584a5b462691) Importer(815301076,1909f56bfc062723c751e8b465ee728b) (PreviewImporter) -> (artifact id: '43a76aa6b6e24aa5662d189a19aec6a8') in 0.0111615 seconds
Number of updated asset objects reloaded before import = 0Number of asset objects unloaded after import = 3

========================================================================
Received Import Request.
  Time since last request: 0.000011 seconds.
  path: Assets/Galeria/karsiori/TileMap/Decorations/BUSH FOREGROUND 1-5.png
  artifactKey: Guid(441f0c2aca2fff545bc517e6f139dcd3) Importer(815301076,1909f56bfc062723c751e8b465ee728b)
Start importing Assets/Galeria/karsiori/TileMap/Decorations/BUSH FOREGROUND 1-5.png using Guid(441f0c2aca2fff545bc517e6f139dcd3) Importer(815301076,1909f56bfc062723c751e8b465ee728b) (PreviewImporter) -> (artifact id: '3a23a94285556976675f547970f72594') in 0.0096629 seconds
Number of updated asset objects reloaded before import = 0Number of asset objects unloaded after import = 3

========================================================================
Received Import Request.
  Time since last request: 0.000011 seconds.
  path: Assets/Galeria/karsiori/TileMap/Decorations/GRASS 2-1.png
  artifactKey: Guid(978dc763e47067149be399903ad6addb) Importer(815301076,1909f56bfc062723c751e8b465ee728b)
Start importing Assets/Galeria/karsiori/TileMap/Decorations/GRASS 2-1.png using Guid(978dc763e47067149be399903ad6addb) Importer(815301076,1909f56bfc062723c751e8b465ee728b) (PreviewImporter) -> (artifact id: 'dca4a0966548ffcc8ce9c10a272a7c50') in 0.0103136 seconds
Number of updated asset objects reloaded before import = 0Number of asset objects unloaded after import = 3

========================================================================
Received Import Request.
  Time since last request: 0.000011 seconds.
  path: Assets/Galeria/karsiori/TileMap/Decorations/GRASS 1-1.png
  artifactKey: Guid(0601d1c0d4f47414d8f4753656fb214d) Importer(815301076,1909f56bfc062723c751e8b465ee728b)
Start importing Assets/Galeria/karsiori/TileMap/Decorations/GRASS 1-1.png using Guid(0601d1c0d4f47414d8f4753656fb214d) Importer(815301076,1909f56bfc062723c751e8b465ee728b) (PreviewImporter) -> (artifact id: 'c14379082c8977052543ab1bde42042c') in 0.0099301 seconds
Number of updated asset objects reloaded before import = 0Number of asset objects unloaded after import = 3

========================================================================
Received Import Request.
  Time since last request: 0.000020 seconds.
  path: Assets/Galeria/karsiori/TileMap/Decorations/GRASS 3-1.png
  artifactKey: Guid(99da83ba741f67f499ae9ac3544776b5) Importer(815301076,1909f56bfc062723c751e8b465ee728b)
Start importing Assets/Galeria/karsiori/TileMap/Decorations/GRASS 3-1.png using Guid(99da83ba741f67f499ae9ac3544776b5) Importer(815301076,1909f56bfc062723c751e8b465ee728b) (PreviewImporter) -> (artifact id: '00e1fdf48c09471fe869939df86b7d20') in 0.0094122 seconds
Number of updated asset objects reloaded before import = 0Number of asset objects unloaded after import = 3

========================================================================
Received Import Request.
  Time since last request: 2.915122 seconds.
  path: Assets/Galeria/karsiori/TileMap/Material
  artifactKey: Guid(a7b2b8e7d0ef390448020c207c7d666c) Importer(815301076,1909f56bfc062723c751e8b465ee728b)
Start importing Assets/Galeria/karsiori/TileMap/Material using Guid(a7b2b8e7d0ef390448020c207c7d666c) Importer(815301076,1909f56bfc062723c751e8b465ee728b) (PreviewImporter) -> (artifact id: '7c99f2e8c7aa258c7ec4795280c38960') in 0.0004608 seconds
Number of updated asset objects reloaded before import = 0Number of asset objects unloaded after import = 0

========================================================================
Received Import Request.
  Time since last request: 0.028795 seconds.
  path: Assets/Galeria/karsiori/TileMap/Material/New Physics Material 2D.physicsMaterial2D
  artifactKey: Guid(3b4e730b6b0a88f4f933a641f8b82695) Importer(815301076,1909f56bfc062723c751e8b465ee728b)
Start importing Assets/Galeria/karsiori/TileMap/Material/New Physics Material 2D.physicsMaterial2D using Guid(3b4e730b6b0a88f4f933a641f8b82695) Importer(815301076,1909f56bfc062723c751e8b465ee728b) (PreviewImporter) -> (artifact id: '2ba12fc057529a63d6d04ed7684c4558') in 0.0009169 seconds
Number of updated asset objects reloaded before import = 0Number of asset objects unloaded after import = 1

========================================================================
Received Import Request.
  Time since last request: 2.909669 seconds.
  path: Assets/Galeria/karsiori/TileMap/Tiles
  artifactKey: Guid(08c205ff6de376945bb30e4a3620c576) Importer(815301076,1909f56bfc062723c751e8b465ee728b)
Start importing Assets/Galeria/karsiori/TileMap/Tiles using Guid(08c205ff6de376945bb30e4a3620c576) Importer(815301076,1909f56bfc062723c751e8b465ee728b) (PreviewImporter) -> (artifact id: 'e93b4442f0e0d3238c7ea2eae665091f') in 0.0003665 seconds
Number of updated asset objects reloaded before import = 0Number of asset objects unloaded after import = 0

========================================================================
Received Import Request.
  Time since last request: 0.652586 seconds.
  path: Assets/Galeria/karsiori/TileMap/Tiles/Rectangular Palette.prefab
  artifactKey: Guid(28bcf7a33d6ec764392ebb81ed9cf812) Importer(815301076,1909f56bfc062723c751e8b465ee728b)
Start importing Assets/Galeria/karsiori/TileMap/Tiles/Rectangular Palette.prefab using Guid(28bcf7a33d6ec764392ebb81ed9cf812) Importer(815301076,1909f56bfc062723c751e8b465ee728b) (PreviewImporter) -> (artifact id: '24c8569c77d5d6887ab1df38ddbfd7cc') in 0.4432183 seconds
Number of updated asset objects reloaded before import = 0Number of asset objects unloaded after import = 187

========================================================================
Received Import Request.
  Time since last request: 0.000026 seconds.
  path: Assets/Galeria/karsiori/TileMap/Tiles/Tilesheet - WOODS_3.asset
  artifactKey: Guid(0e842ce1003dd0e4faef6ac30bca5bf6) Importer(815301076,1909f56bfc062723c751e8b465ee728b)
Start importing Assets/Galeria/karsiori/TileMap/Tiles/Tilesheet - WOODS_3.asset using Guid(0e842ce1003dd0e4faef6ac30bca5bf6) Importer(815301076,1909f56bfc062723c751e8b465ee728b) (PreviewImporter) -> (artifact id: '357409427c582b07581a3cfe90319bc8') in 0.0107081 seconds
Number of updated asset objects reloaded before import = 0Number of asset objects unloaded after import = 3

========================================================================
Received Import Request.
  Time since last request: 0.000022 seconds.
  path: Assets/Galeria/karsiori/TileMap/Tiles/Tilesheet - WOODS_38.asset
  artifactKey: Guid(252ca5911690afc41a21c9886b175631) Importer(815301076,1909f56bfc062723c751e8b465ee728b)
Start importing Assets/Galeria/karsiori/TileMap/Tiles/Tilesheet - WOODS_38.asset using Guid(252ca5911690afc41a21c9886b175631) Importer(815301076,1909f56bfc062723c751e8b465ee728b) (PreviewImporter) -> (artifact id: 'cc444e29240f7c420727c1d1ccd1d014') in 0.0080235 seconds
Number of updated asset objects reloaded before import = 0Number of asset objects unloaded after import = 3

========================================================================
Received Import Request.
  Time since last request: 0.000015 seconds.
  path: Assets/Galeria/karsiori/TileMap/Tiles/Tilesheet - WOODS_37.asset
  artifactKey: Guid(75abc7e4d64066d43817c8e608472486) Importer(815301076,1909f56bfc062723c751e8b465ee728b)
Start importing Assets/Galeria/karsiori/TileMap/Tiles/Tilesheet - WOODS_37.asset using Guid(75abc7e4d64066d43817c8e608472486) Importer(815301076,1909f56bfc062723c751e8b465ee728b) (PreviewImporter) -> (artifact id: 'ba92abe0dcf4a87be2350629bed7ebb0') in 0.0082707 seconds
Number of updated asset objects reloaded before import = 0Number of asset objects unloaded after import = 3

========================================================================
Received Import Request.
  Time since last request: 0.000015 seconds.
  path: Assets/Galeria/karsiori/TileMap/Tiles/Tilesheet - WOODS_22.asset
  artifactKey: Guid(918b83baafdb8df4fb83a2a397fdfb9a) Importer(815301076,1909f56bfc062723c751e8b465ee728b)
Start importing Assets/Galeria/karsiori/TileMap/Tiles/Tilesheet - WOODS_22.asset using Guid(918b83baafdb8df4fb83a2a397fdfb9a) Importer(815301076,1909f56bfc062723c751e8b465ee728b) (PreviewImporter) -> (artifact id: '069a8320b9f4f49e40f869f7494564df') in 0.0079926 seconds
Number of updated asset objects reloaded before import = 0Number of asset objects unloaded after import = 3

========================================================================
Received Import Request.
  Time since last request: 0.000014 seconds.
  path: Assets/Galeria/karsiori/TileMap/Tiles/Tilesheet - WOODS_35.asset
  artifactKey: Guid(82a0ff2832f81a6419401c36942e6ab4) Importer(815301076,1909f56bfc062723c751e8b465ee728b)
Start importing Assets/Galeria/karsiori/TileMap/Tiles/Tilesheet - WOODS_35.asset using Guid(82a0ff2832f81a6419401c36942e6ab4) Importer(815301076,1909f56bfc062723c751e8b465ee728b) (PreviewImporter) -> (artifact id: '6a5726a2ba51d3bab59305a4454dab33') in 0.0081753 seconds
Number of updated asset objects reloaded before import = 0Number of asset objects unloaded after import = 3

========================================================================
Received Import Request.
  Time since last request: 0.074385 seconds.
  path: Assets/Galeria/karsiori/TileMap/Tiles/Tilesheet - WOODS_39.asset
  artifactKey: Guid(81eca0ad7f8af514cbd33438ee4b4a46) Importer(815301076,1909f56bfc062723c751e8b465ee728b)
Start importing Assets/Galeria/karsiori/TileMap/Tiles/Tilesheet - WOODS_39.asset using Guid(81eca0ad7f8af514cbd33438ee4b4a46) Importer(815301076,1909f56bfc062723c751e8b465ee728b) (PreviewImporter) -> (artifact id: 'bb350132165231e36146d5c0312b0e18') in 0.0091719 seconds
Number of updated asset objects reloaded before import = 0Number of asset objects unloaded after import = 3

========================================================================
Received Import Request.
  Time since last request: 0.000019 seconds.
  path: Assets/Galeria/karsiori/TileMap/Tiles/Tilesheet - WOODS_44.asset
  artifactKey: Guid(3177598e71e6e6d4d884518d3f0eeb2e) Importer(815301076,1909f56bfc062723c751e8b465ee728b)
Start importing Assets/Galeria/karsiori/TileMap/Tiles/Tilesheet - WOODS_44.asset using Guid(3177598e71e6e6d4d884518d3f0eeb2e) Importer(815301076,1909f56bfc062723c751e8b465ee728b) (PreviewImporter) -> (artifact id: '17db66e7a1cd0426e27b75ed650b1aa3') in 0.0079452 seconds
Number of updated asset objects reloaded before import = 0Number of asset objects unloaded after import = 3

========================================================================
Received Import Request.
  Time since last request: 0.000020 seconds.
  path: Assets/Galeria/karsiori/TileMap/Tiles/Tilesheet - WOODS_50.asset
  artifactKey: Guid(62436fafb1e405d46bb04f84d70c2d62) Importer(815301076,1909f56bfc062723c751e8b465ee728b)
Start importing Assets/Galeria/karsiori/TileMap/Tiles/Tilesheet - WOODS_50.asset using Guid(62436fafb1e405d46bb04f84d70c2d62) Importer(815301076,1909f56bfc062723c751e8b465ee728b) (PreviewImporter) -> (artifact id: '61ab3a2aa1ae5136d6d7f0a118008425') in 0.0081702 seconds
Number of updated asset objects reloaded before import = 0Number of asset objects unloaded after import = 3

========================================================================
Received Import Request.
  Time since last request: 0.000015 seconds.
  path: Assets/Galeria/karsiori/TileMap/Tiles/Tilesheet - WOODS_54.asset
  artifactKey: Guid(4e2aa78de94672940906049e0b6677b2) Importer(815301076,1909f56bfc062723c751e8b465ee728b)
Start importing Assets/Galeria/karsiori/TileMap/Tiles/Tilesheet - WOODS_54.asset using Guid(4e2aa78de94672940906049e0b6677b2) Importer(815301076,1909f56bfc062723c751e8b465ee728b) (PreviewImporter) -> (artifact id: '4a3a77ba612be49caef22aa01a6f75ab') in 0.0079127 seconds
Number of updated asset objects reloaded before import = 0Number of asset objects unloaded after import = 3

========================================================================
Received Import Request.
  Time since last request: 0.000014 seconds.
  path: Assets/Galeria/karsiori/TileMap/Tiles/Tilesheet - WOODS_62.asset
  artifactKey: Guid(faea2e6c5379be3489f734414daa59f7) Importer(815301076,1909f56bfc062723c751e8b465ee728b)
Start importing Assets/Galeria/karsiori/TileMap/Tiles/Tilesheet - WOODS_62.asset using Guid(faea2e6c5379be3489f734414daa59f7) Importer(815301076,1909f56bfc062723c751e8b465ee728b) (PreviewImporter) -> (artifact id: '91da6492e5c35f1c43a8209b2b7172b7') in 0.0078008 seconds
Number of updated asset objects reloaded before import = 0Number of asset objects unloaded after import = 3

========================================================================
Received Import Request.
  Time since last request: 0.000014 seconds.
  path: Assets/Galeria/karsiori/TileMap/Tiles/Tilesheet - WOODS_52.asset
  artifactKey: Guid(e0776e8f174f6b640b7fa4e9bf1b9187) Importer(815301076,1909f56bfc062723c751e8b465ee728b)
Start importing Assets/Galeria/karsiori/TileMap/Tiles/Tilesheet - WOODS_52.asset using Guid(e0776e8f174f6b640b7fa4e9bf1b9187) Importer(815301076,1909f56bfc062723c751e8b465ee728b) (PreviewImporter) -> (artifact id: '37fc15b87cc3379a4c0540b4b6bd3fcf') in 0.0080704 seconds
Number of updated asset objects reloaded before import = 0Number of asset objects unloaded after import = 3

========================================================================
Received Import Request.
  Time since last request: 0.000014 seconds.
  path: Assets/Galeria/karsiori/TileMap/Tiles/Tilesheet - WOODS_60.asset
  artifactKey: Guid(71635bfc1cb53bd4c93add28d162422f) Importer(815301076,1909f56bfc062723c751e8b465ee728b)
Start importing Assets/Galeria/karsiori/TileMap/Tiles/Tilesheet - WOODS_60.asset using Guid(71635bfc1cb53bd4c93add28d162422f) Importer(815301076,1909f56bfc062723c751e8b465ee728b) (PreviewImporter) -> (artifact id: '0a1242fd00ab0dd510e7356aec60afb8') in 0.0086639 seconds
Number of updated asset objects reloaded before import = 0Number of asset objects unloaded after import = 3

========================================================================
Received Import Request.
  Time since last request: 0.000014 seconds.
  path: Assets/Galeria/karsiori/TileMap/Tiles/Tilesheet - WOODS_46.asset
  artifactKey: Guid(ed23f2ec3411a8b4082d0c0ce32e7b81) Importer(815301076,1909f56bfc062723c751e8b465ee728b)
Start importing Assets/Galeria/karsiori/TileMap/Tiles/Tilesheet - WOODS_46.asset using Guid(ed23f2ec3411a8b4082d0c0ce32e7b81) Importer(815301076,1909f56bfc062723c751e8b465ee728b) (PreviewImporter) -> (artifact id: '6dcb1fff3b41952f76b8c80784d0fada') in 0.0083757 seconds
Number of updated asset objects reloaded before import = 0Number of asset objects unloaded after import = 3

========================================================================
Received Import Request.
  Time since last request: 0.000013 seconds.
  path: Assets/Galeria/karsiori/TileMap/Tiles/Tilesheet - WOODS_48.asset
  artifactKey: Guid(922baf4a166a73d4ab3600ffe6c863ac) Importer(815301076,1909f56bfc062723c751e8b465ee728b)
Start importing Assets/Galeria/karsiori/TileMap/Tiles/Tilesheet - WOODS_48.asset using Guid(922baf4a166a73d4ab3600ffe6c863ac) Importer(815301076,1909f56bfc062723c751e8b465ee728b) (PreviewImporter) -> (artifact id: '43b787cb55013aa7693eab784122832f') in 0.007979 seconds
Number of updated asset objects reloaded before import = 0Number of asset objects unloaded after import = 3

========================================================================
Received Import Request.
  Time since last request: 0.000016 seconds.
  path: Assets/Galeria/karsiori/TileMap/Tiles/Tilesheet - WOODS_57.asset
  artifactKey: Guid(3a2a73ee7d3ba0c4ebd81cde7c19fb83) Importer(815301076,1909f56bfc062723c751e8b465ee728b)
Start importing Assets/Galeria/karsiori/TileMap/Tiles/Tilesheet - WOODS_57.asset using Guid(3a2a73ee7d3ba0c4ebd81cde7c19fb83) Importer(815301076,1909f56bfc062723c751e8b465ee728b) (PreviewImporter) -> (artifact id: '659b5b8d76b368b979fe0c99bacff6db') in 0.0080071 seconds
Number of updated asset objects reloaded before import = 0Number of asset objects unloaded after import = 3

========================================================================
Received Import Request.
  Time since last request: 0.005413 seconds.
  path: Assets/Galeria/karsiori/TileMap/Tiles/Tilesheet - WOODS_69.asset
  artifactKey: Guid(9a817e38f14f6cc48a21bb505d35239c) Importer(815301076,1909f56bfc062723c751e8b465ee728b)
Start importing Assets/Galeria/karsiori/TileMap/Tiles/Tilesheet - WOODS_69.asset using Guid(9a817e38f14f6cc48a21bb505d35239c) Importer(815301076,1909f56bfc062723c751e8b465ee728b) (PreviewImporter) -> (artifact id: '680a246cef1acf56a9eb7d6030f0d0ac') in 0.0040657 seconds
Number of updated asset objects reloaded before import = 0Number of asset objects unloaded after import = 3

========================================================================
Received Import Request.
  Time since last request: 0.000015 seconds.
  path: Assets/Galeria/karsiori/TileMap/Tiles/Tilesheet - WOODS_76.asset
  artifactKey: Guid(240e87253dd89084d91278b0e4798e70) Importer(815301076,1909f56bfc062723c751e8b465ee728b)
Start importing Assets/Galeria/karsiori/TileMap/Tiles/Tilesheet - WOODS_76.asset using Guid(240e87253dd89084d91278b0e4798e70) Importer(815301076,1909f56bfc062723c751e8b465ee728b) (PreviewImporter) -> (artifact id: '7e0c52f25ddab83d9bb99c960a0e9754') in 0.0104548 seconds
Number of updated asset objects reloaded before import = 0Number of asset objects unloaded after import = 3

========================================================================
Received Import Request.
  Time since last request: 0.000014 seconds.
  path: Assets/Galeria/karsiori/TileMap/Tiles/Tilesheet - WOODS_75.asset
  artifactKey: Guid(02a1e20da6d977a4dab913a8cee8a124) Importer(815301076,1909f56bfc062723c751e8b465ee728b)
Start importing Assets/Galeria/karsiori/TileMap/Tiles/Tilesheet - WOODS_75.asset using Guid(02a1e20da6d977a4dab913a8cee8a124) Importer(815301076,1909f56bfc062723c751e8b465ee728b) (PreviewImporter) -> (artifact id: '661add0e696ad7bb630889034975809a') in 0.0110552 seconds
Number of updated asset objects reloaded before import = 0Number of asset objects unloaded after import = 3

========================================================================
Received Import Request.
  Time since last request: 0.000019 seconds.
  path: Assets/Galeria/karsiori/TileMap/Tiles/Tilesheet - WOODS_82.asset
  artifactKey: Guid(835b8a97f0f3e39488efffa1c3baeb14) Importer(815301076,1909f56bfc062723c751e8b465ee728b)
Start importing Assets/Galeria/karsiori/TileMap/Tiles/Tilesheet - WOODS_82.asset using Guid(835b8a97f0f3e39488efffa1c3baeb14) Importer(815301076,1909f56bfc062723c751e8b465ee728b) (PreviewImporter) -> (artifact id: 'cfdd0d3f53601a1848bdbf6330a88e38') in 0.0081638 seconds
Number of updated asset objects reloaded before import = 0Number of asset objects unloaded after import = 3

========================================================================
Received Import Request.
  Time since last request: 0.000016 seconds.
  path: Assets/Galeria/karsiori/TileMap/Tiles/Tilesheet - WOODS_72.asset
  artifactKey: Guid(35a002b44883d0942929e424d3c5bb5e) Importer(815301076,1909f56bfc062723c751e8b465ee728b)
Start importing Assets/Galeria/karsiori/TileMap/Tiles/Tilesheet - WOODS_72.asset using Guid(35a002b44883d0942929e424d3c5bb5e) Importer(815301076,1909f56bfc062723c751e8b465ee728b) (PreviewImporter) -> (artifact id: '8420ebcf9b1666d701413b0f5c2fd289') in 0.0080596 seconds
Number of updated asset objects reloaded before import = 0Number of asset objects unloaded after import = 3

========================================================================
Received Import Request.
  Time since last request: 0.000017 seconds.
  path: Assets/Galeria/karsiori/TileMap/Tiles/Tilesheet - WOODS_87.asset
  artifactKey: Guid(31ce9cdfaa5d91b40bf4d34d4969f6fe) Importer(815301076,1909f56bfc062723c751e8b465ee728b)
Start importing Assets/Galeria/karsiori/TileMap/Tiles/Tilesheet - WOODS_87.asset using Guid(31ce9cdfaa5d91b40bf4d34d4969f6fe) Importer(815301076,1909f56bfc062723c751e8b465ee728b) (PreviewImporter) -> (artifact id: '721ab9accefda2b3ade776a71f705f8d') in 0.0037777 seconds
Number of updated asset objects reloaded before import = 0Number of asset objects unloaded after import = 3

========================================================================
Received Import Request.
  Time since last request: 12.938682 seconds.
  path: Assets/Galeria/karsiori/TileMap/Tiles/Sprite-0004-export.png
  artifactKey: Guid(b8a7f84edd4648c40a02d02f8adf3636) Importer(815301076,1909f56bfc062723c751e8b465ee728b)
Start importing Assets/Galeria/karsiori/TileMap/Tiles/Sprite-0004-export.png using Guid(b8a7f84edd4648c40a02d02f8adf3636) Importer(815301076,1909f56bfc062723c751e8b465ee728b) (PreviewImporter) -> (artifact id: 'bb62c274e68c6a2f68862ddff83b8011') in 0.0160018 seconds
Number of updated asset objects reloaded before import = 0Number of asset objects unloaded after import = 3

========================================================================
Received Import Request.
  Time since last request: 14.769225 seconds.
  path: Assets/Galeria/karsiori/TileMap/Tiles/Rectangular Palette 1.prefab
  artifactKey: Guid(199e6f8b08fde0040b742ec116f2f65e) Importer(815301076,1909f56bfc062723c751e8b465ee728b)
Start importing Assets/Galeria/karsiori/TileMap/Tiles/Rectangular Palette 1.prefab using Guid(199e6f8b08fde0040b742ec116f2f65e) Importer(815301076,1909f56bfc062723c751e8b465ee728b) (PreviewImporter) -> (artifact id: '359c89296994a67026a9650618451e20') in 0.0114907 seconds
Number of updated asset objects reloaded before import = 0Number of asset objects unloaded after import = 13

========================================================================
Received Import Request.
  Time since last request: 0.005024 seconds.
  path: Assets/Galeria/karsiori/TileMap/Tiles/Sprite-0004-export_0.asset
  artifactKey: Guid(9ebbbf849a6f8fe4aa04c5536ee03b4c) Importer(815301076,1909f56bfc062723c751e8b465ee728b)
Start importing Assets/Galeria/karsiori/TileMap/Tiles/Sprite-0004-export_0.asset using Guid(9ebbbf849a6f8fe4aa04c5536ee03b4c) Importer(815301076,1909f56bfc062723c751e8b465ee728b) (PreviewImporter) -> (artifact id: '6162061f281dd2be35c8316783bbbe63') in 0.0110693 seconds
Number of updated asset objects reloaded before import = 0Number of asset objects unloaded after import = 3

