Using pre-set license
Built from '6000.0/staging' branch; Version is '6000.0.42f1 (feb9a7235030) revision 16693671'; Using compiler version '193933523'; Build Type 'Release'
OS: 'Windows 11  (10.0.26100) 64bit Professional' Language: 'pt' Physical Memory: 16310 MB
BatchMode: 1, IsHumanControllingUs: 0, StartBugReporterOnCrash: 0, Is64bit: 1, IsPro: 1

COMMAND LINE ARGUMENTS:
C:\Program Files\Unity\Hub\Editor\6000.0.42f1-x86_64\Editor\Unity.exe
-adb2
-batchMode
-noUpm
-name
AssetImportWorker5
-projectPath
C:/Users/gabriel/Documents/GitHub/Drusila
-logFile
Logs/AssetImportWorker5.log
-srvPort
50991
-job-worker-count
7
-background-job-worker-count
8
-gc-helper-count
1
Successfully changed project path to: C:/Users/gabriel/Documents/GitHub/Drusila
C:/Users/gabriel/Documents/GitHub/Drusila
[UnityMemory] Configuration Parameters - Can be set up in boot.config
    "memorysetup-bucket-allocator-granularity=16"
    "memorysetup-bucket-allocator-bucket-count=8"
    "memorysetup-bucket-allocator-block-size=33554432"
    "memorysetup-bucket-allocator-block-count=8"
    "memorysetup-main-allocator-block-size=16777216"
    "memorysetup-thread-allocator-block-size=16777216"
    "memorysetup-gfx-main-allocator-block-size=16777216"
    "memorysetup-gfx-thread-allocator-block-size=16777216"
    "memorysetup-cache-allocator-block-size=4194304"
    "memorysetup-typetree-allocator-block-size=2097152"
    "memorysetup-profiler-bucket-allocator-granularity=16"
    "memorysetup-profiler-bucket-allocator-bucket-count=8"
    "memorysetup-profiler-bucket-allocator-block-size=33554432"
    "memorysetup-profiler-bucket-allocator-block-count=8"
    "memorysetup-profiler-allocator-block-size=16777216"
    "memorysetup-profiler-editor-allocator-block-size=1048576"
    "memorysetup-temp-allocator-size-main=16777216"
    "memorysetup-job-temp-allocator-block-size=2097152"
    "memorysetup-job-temp-allocator-block-size-background=1048576"
    "memorysetup-job-temp-allocator-reduction-small-platforms=262144"
    "memorysetup-allocator-temp-initial-block-size-main=262144"
    "memorysetup-allocator-temp-initial-block-size-worker=262144"
    "memorysetup-temp-allocator-size-background-worker=32768"
    "memorysetup-temp-allocator-size-job-worker=262144"
    "memorysetup-temp-allocator-size-preload-manager=33554432"
    "memorysetup-temp-allocator-size-nav-mesh-worker=65536"
    "memorysetup-temp-allocator-size-audio-worker=65536"
    "memorysetup-temp-allocator-size-cloud-worker=32768"
    "memorysetup-temp-allocator-size-gi-baking-worker=262144"
    "memorysetup-temp-allocator-size-gi-baking-worker=262144"
    "memorysetup-temp-allocator-size-gi-baking-worker=262144"
    "memorysetup-temp-allocator-size-gi-baking-worker=262144"
    "memorysetup-temp-allocator-size-gi-baking-worker=262144"
    "memorysetup-temp-allocator-size-gfx=262144"
Player connection [19668]  Target information:

Player connection [19668]  * "[IP] 192.168.0.35 [Port] 0 [Flags] 2 [Guid] 3565834460 [EditorId] 3565834460 [Version] 1048832 [Id] WindowsEditor(7,gabwin) [Debug] 1 [PackageName] WindowsEditor [ProjectName] Editor" 

Player connection [19668]  * "[IP] 192.168.56.1 [Port] 0 [Flags] 2 [Guid] 3565834460 [EditorId] 3565834460 [Version] 1048832 [Id] WindowsEditor(7,gabwin) [Debug] 1 [PackageName] WindowsEditor [ProjectName] Editor" 

Player connection [19668] Host joined multi-casting on [225.0.0.222:54997]...
Player connection [19668] Host joined alternative multi-casting on [225.0.0.222:34997]...
JobSystem: Creating JobQueue using job-worker-count value 7
Input System module state changed to: Initialized.
[Physics::Module] Initialized fallback backend.
[Physics::Module] Id: 0xdecafbad
Library Redirect Path: Library/
[Physics::Module] Selected backend.
[Physics::Module] Name: PhysX
[Physics::Module] Id: 0xf2b8ea05
[Physics::Module] SDK Version: 4.1.2
[Physics::Module] Integration Version: 1.0.0
[Physics::Module] Threading Mode: Multi-Threaded
Refreshing native plugins compatible for Editor in 2.84 ms, found 4 plugins.
Preloading 0 native plugins for Editor in 0.00 ms.
Initialize engine version: 6000.0.42f1 (feb9a7235030)
[Subsystems] Discovering subsystems at path C:/Program Files/Unity/Hub/Editor/6000.0.42f1-x86_64/Editor/Data/Resources/UnitySubsystems
[Subsystems] Discovering subsystems at path C:/Users/gabriel/Documents/GitHub/Drusila/Assets
GfxDevice: creating device client; kGfxThreadingModeNonThreaded
Direct3D:
    Version:  Direct3D 11.0 [level 11.1]
    Renderer: AMD Radeon RX 7600 (ID=0x7480)
    Vendor:   ATI
    VRAM:     8176 MB
    Driver:   32.0.21013.1000
Initialize mono
Mono path[0] = 'C:/Program Files/Unity/Hub/Editor/6000.0.42f1-x86_64/Editor/Data/Managed'
Mono path[1] = 'C:/Program Files/Unity/Hub/Editor/6000.0.42f1-x86_64/Editor/Data/MonoBleedingEdge/lib/mono/unityjit-win32'
Mono config path = 'C:/Program Files/Unity/Hub/Editor/6000.0.42f1-x86_64/Editor/Data/MonoBleedingEdge/etc'
Using monoOptions --debugger-agent=transport=dt_socket,embedding=1,server=y,suspend=n,address=127.0.0.1:56892
Begin MonoManager ReloadAssembly
Registering precompiled unity dll's ...
Register platform support module: C:/Program Files/Unity/Hub/Editor/6000.0.42f1-x86_64/Editor/Data/PlaybackEngines/WindowsStandaloneSupport/UnityEditor.WindowsStandalone.Extensions.dll
Registered in 0.002316 seconds.
- Loaded All Assemblies, in  0.325 seconds
Native extension for WindowsStandalone target not found
Mono: successfully reloaded assembly
- Finished resetting the current domain, in  0.292 seconds
Domain Reload Profiling: 615ms
	BeginReloadAssembly (111ms)
		ExecutionOrderSort (0ms)
		DisableScriptedObjects (0ms)
		BackupInstance (0ms)
		ReleaseScriptingObjects (0ms)
		CreateAndSetChildDomain (1ms)
	RebuildCommonClasses (31ms)
	RebuildNativeTypeToScriptingClass (10ms)
	initialDomainReloadingComplete (43ms)
	LoadAllAssembliesAndSetupDomain (128ms)
		LoadAssemblies (109ms)
		RebuildTransferFunctionScriptingTraits (0ms)
		AnalyzeDomain (126ms)
			TypeCache.Refresh (125ms)
				TypeCache.ScanAssembly (114ms)
			BuildScriptInfoCaches (0ms)
			ResolveRequiredComponents (0ms)
	FinalizeReload (292ms)
		ReleaseScriptCaches (0ms)
		RebuildScriptCaches (0ms)
		SetupLoadedEditorAssemblies (251ms)
			LogAssemblyErrors (0ms)
			InitializePlatformSupportModulesInManaged (18ms)
			SetLoadedEditorAssemblies (4ms)
			BeforeProcessingInitializeOnLoad (48ms)
			ProcessInitializeOnLoadAttributes (131ms)
			ProcessInitializeOnLoadMethodAttributes (49ms)
			AfterProcessingInitializeOnLoad (0ms)
			EditorAssembliesLoaded (0ms)
		ExecutionOrderSort2 (0ms)
		AwakeInstancesAfterBackupRestoration (0ms)
Assembly reference Packages/com.unity.cinemachine/Editor/Samples/ExposeHDRPInternals/HDRP-Editor-ref.asmref has no target assembly definition
========================================================================
Worker process is ready to serve import requests
Import Worker Mode flag is 0x00
Assembly reference Packages/com.unity.cinemachine/Editor/Samples/ExposeHDRPInternals/HDRP-Editor-ref.asmref has no target assembly definition
Assembly reference Packages/com.unity.cinemachine/Editor/Samples/ExposeHDRPInternals/HDRP-Editor-ref.asmref has no target assembly definition
Begin MonoManager ReloadAssembly
- Loaded All Assemblies, in  0.671 seconds
Assembly reference Packages/com.unity.cinemachine/Editor/Samples/ExposeHDRPInternals/HDRP-Editor-ref.asmref has no target assembly definition
'Packages/com.unity.cinemachine/Editor/Obsolete/CinemachineVirtualCameraBaseEditor.cs' contains partial class of Unity.Object, exactly 1 of the partial classes needs to be in a file with the same filename. This is to know the one that can be referenced from ie. GameObjects
'Packages/com.unity.cinemachine/Editor/Editors/CinemachineVirtualCameraBaseEditor.cs' contains partial class of Unity.Object, exactly 1 of the partial classes needs to be in a file with the same filename. This is to know the one that can be referenced from ie. GameObjects
Refreshing native plugins compatible for Editor in 1.52 ms, found 4 plugins.
Native extension for WindowsStandalone target not found
Assembly reference Packages/com.unity.cinemachine/Editor/Samples/ExposeHDRPInternals/HDRP-Editor-ref.asmref has no target assembly definition
Package Manager log level set to [2]
[Package Manager] Failed to launch server process. Reason: Unity was launched with the -noUpm command-line argument
[Package Manager] Unable to send message (not connected to server process).
[Package Manager] Cannot connect to Unity Package Manager local server
Mono: successfully reloaded assembly
- Finished resetting the current domain, in  0.678 seconds
Domain Reload Profiling: 1345ms
	BeginReloadAssembly (146ms)
		ExecutionOrderSort (0ms)
		DisableScriptedObjects (6ms)
		BackupInstance (0ms)
		ReleaseScriptingObjects (0ms)
		CreateAndSetChildDomain (21ms)
	RebuildCommonClasses (33ms)
	RebuildNativeTypeToScriptingClass (11ms)
	initialDomainReloadingComplete (37ms)
	LoadAllAssembliesAndSetupDomain (441ms)
		LoadAssemblies (301ms)
		RebuildTransferFunctionScriptingTraits (0ms)
		AnalyzeDomain (231ms)
			TypeCache.Refresh (163ms)
				TypeCache.ScanAssembly (151ms)
			BuildScriptInfoCaches (54ms)
			ResolveRequiredComponents (11ms)
	FinalizeReload (678ms)
		ReleaseScriptCaches (0ms)
		RebuildScriptCaches (0ms)
		SetupLoadedEditorAssemblies (555ms)
			LogAssemblyErrors (0ms)
			InitializePlatformSupportModulesInManaged (2ms)
			SetLoadedEditorAssemblies (4ms)
			BeforeProcessingInitializeOnLoad (105ms)
			ProcessInitializeOnLoadAttributes (348ms)
			ProcessInitializeOnLoadMethodAttributes (92ms)
			AfterProcessingInitializeOnLoad (4ms)
			EditorAssembliesLoaded (0ms)
		ExecutionOrderSort2 (0ms)
		AwakeInstancesAfterBackupRestoration (6ms)
Launched and connected shader compiler UnityShaderCompiler.exe after 0.01 seconds
Refreshing native plugins compatible for Editor in 1.55 ms, found 4 plugins.
Preloading 0 native plugins for Editor in 0.00 ms.
Unloading 222 Unused Serialized files (Serialized files now loaded: 0)
Unloading 6990 unused Assets / (4.1 MB). Loaded Objects now: 7704.
Memory consumption went from 181.2 MB to 177.0 MB.
Total: 6.978000 ms (FindLiveObjects: 0.624900 ms CreateObjectMapping: 0.361200 ms MarkObjects: 4.384100 ms  DeleteObjects: 1.607200 ms)

========================================================================
Received Import Request.
  Time since last request: 36352.112611 seconds.
  path: Assets/Galeria/karsiori/TileMap/Backgrounds/VINES - Second.png
  artifactKey: Guid(c3909c99bf845a24db9a162d677b6398) Importer(815301076,1909f56bfc062723c751e8b465ee728b)
Start importing Assets/Galeria/karsiori/TileMap/Backgrounds/VINES - Second.png using Guid(c3909c99bf845a24db9a162d677b6398) Importer(815301076,1909f56bfc062723c751e8b465ee728b) (PreviewImporter) -> (artifact id: '15ec9872d0be991e58ac81034af3a3c3') in 0.0906772 seconds
Number of updated asset objects reloaded before import = 0Number of asset objects unloaded after import = 3

========================================================================
Received Import Request.
  Time since last request: 1.787040 seconds.
  path: Assets/Galeria/karsiori/TileMap/Decorations/BUSH FOREGROUND 1-3.png
  artifactKey: Guid(a97b342cc5260f04cafe1eb0535e607f) Importer(815301076,1909f56bfc062723c751e8b465ee728b)
Start importing Assets/Galeria/karsiori/TileMap/Decorations/BUSH FOREGROUND 1-3.png using Guid(a97b342cc5260f04cafe1eb0535e607f) Importer(815301076,1909f56bfc062723c751e8b465ee728b) (PreviewImporter) -> (artifact id: 'fdfbd10122b3234ffb7f66378a607e21') in 0.0100165 seconds
Number of updated asset objects reloaded before import = 0Number of asset objects unloaded after import = 3

========================================================================
Received Import Request.
  Time since last request: 0.000011 seconds.
  path: Assets/Galeria/karsiori/TileMap/Decorations/BUSH FOREGROUND 1-6.png
  artifactKey: Guid(052ccebcbaae6204f803204b2645d91c) Importer(815301076,1909f56bfc062723c751e8b465ee728b)
Start importing Assets/Galeria/karsiori/TileMap/Decorations/BUSH FOREGROUND 1-6.png using Guid(052ccebcbaae6204f803204b2645d91c) Importer(815301076,1909f56bfc062723c751e8b465ee728b) (PreviewImporter) -> (artifact id: 'a2261f6fed535b2e7ea77a6a83179b36') in 0.0119503 seconds
Number of updated asset objects reloaded before import = 0Number of asset objects unloaded after import = 3

========================================================================
Received Import Request.
  Time since last request: 0.000013 seconds.
  path: Assets/Galeria/karsiori/TileMap/Decorations/GRASS 3-2.png
  artifactKey: Guid(86647a41d202c7d42bb73668e9f329b0) Importer(815301076,1909f56bfc062723c751e8b465ee728b)
Start importing Assets/Galeria/karsiori/TileMap/Decorations/GRASS 3-2.png using Guid(86647a41d202c7d42bb73668e9f329b0) Importer(815301076,1909f56bfc062723c751e8b465ee728b) (PreviewImporter) -> (artifact id: '6af263e01a1089c2f7ff81a298d96b4e') in 0.0103992 seconds
Number of updated asset objects reloaded before import = 0Number of asset objects unloaded after import = 3

========================================================================
Received Import Request.
  Time since last request: 0.000017 seconds.
  path: Assets/Galeria/karsiori/TileMap/Decorations/MUSHROOM 1-1.png
  artifactKey: Guid(d45bba719c38eef499144f2e7a1d042f) Importer(815301076,1909f56bfc062723c751e8b465ee728b)
Start importing Assets/Galeria/karsiori/TileMap/Decorations/MUSHROOM 1-1.png using Guid(d45bba719c38eef499144f2e7a1d042f) Importer(815301076,1909f56bfc062723c751e8b465ee728b) (PreviewImporter) -> (artifact id: '68d995fca7c619266af6e38a6409c684') in 0.0094867 seconds
Number of updated asset objects reloaded before import = 0Number of asset objects unloaded after import = 3

========================================================================
Received Import Request.
  Time since last request: 0.000011 seconds.
  path: Assets/Galeria/karsiori/TileMap/Decorations/MUSHROOM 1-2.png
  artifactKey: Guid(86a1d6e5913974b46810fb24e91348a5) Importer(815301076,1909f56bfc062723c751e8b465ee728b)
Start importing Assets/Galeria/karsiori/TileMap/Decorations/MUSHROOM 1-2.png using Guid(86a1d6e5913974b46810fb24e91348a5) Importer(815301076,1909f56bfc062723c751e8b465ee728b) (PreviewImporter) -> (artifact id: 'c3f0ea2b34f6c8d403918b549d70246b') in 0.0096524 seconds
Number of updated asset objects reloaded before import = 0Number of asset objects unloaded after import = 3

========================================================================
Received Import Request.
  Time since last request: 6.587665 seconds.
  path: Assets/Galeria/karsiori/TileMap/Tiles/Tilesheet - WOODS_0.asset
  artifactKey: Guid(ad573af9e5caa10478408d2df852f5f8) Importer(815301076,1909f56bfc062723c751e8b465ee728b)
Start importing Assets/Galeria/karsiori/TileMap/Tiles/Tilesheet - WOODS_0.asset using Guid(ad573af9e5caa10478408d2df852f5f8) Importer(815301076,1909f56bfc062723c751e8b465ee728b) (PreviewImporter) -> (artifact id: '26f407aee4d84f22906411a446bd14ee') in 0.0165406 seconds
Number of updated asset objects reloaded before import = 0Number of asset objects unloaded after import = 3

========================================================================
Received Import Request.
  Time since last request: 0.000012 seconds.
  path: Assets/Galeria/karsiori/TileMap/Tiles/Tilesheet - WOODS_5.asset
  artifactKey: Guid(1cd5e881e4eb82544855bfe735525acf) Importer(815301076,1909f56bfc062723c751e8b465ee728b)
Start importing Assets/Galeria/karsiori/TileMap/Tiles/Tilesheet - WOODS_5.asset using Guid(1cd5e881e4eb82544855bfe735525acf) Importer(815301076,1909f56bfc062723c751e8b465ee728b) (PreviewImporter) -> (artifact id: '490ccd6a746332e4c18fb86e3369a611') in 0.0091933 seconds
Number of updated asset objects reloaded before import = 0Number of asset objects unloaded after import = 3

========================================================================
Received Import Request.
  Time since last request: 0.000012 seconds.
  path: Assets/Galeria/karsiori/TileMap/Tiles/Tilesheet - WOODS_27.asset
  artifactKey: Guid(de486fe804d2dc647845caefa2b7415c) Importer(815301076,1909f56bfc062723c751e8b465ee728b)
Start importing Assets/Galeria/karsiori/TileMap/Tiles/Tilesheet - WOODS_27.asset using Guid(de486fe804d2dc647845caefa2b7415c) Importer(815301076,1909f56bfc062723c751e8b465ee728b) (PreviewImporter) -> (artifact id: '01cb8862bbae3cfb117cfc58a9a04e46') in 0.0082611 seconds
Number of updated asset objects reloaded before import = 0Number of asset objects unloaded after import = 3

========================================================================
Received Import Request.
  Time since last request: 0.000031 seconds.
  path: Assets/Galeria/karsiori/TileMap/Tiles/Tilesheet - WOODS_28.asset
  artifactKey: Guid(c30676a20468f1343b7f6687ccafa51b) Importer(815301076,1909f56bfc062723c751e8b465ee728b)
Start importing Assets/Galeria/karsiori/TileMap/Tiles/Tilesheet - WOODS_28.asset using Guid(c30676a20468f1343b7f6687ccafa51b) Importer(815301076,1909f56bfc062723c751e8b465ee728b) (PreviewImporter) -> (artifact id: 'e17af8e4c759f14459194ee1890535e7') in 0.0083586 seconds
Number of updated asset objects reloaded before import = 0Number of asset objects unloaded after import = 3

========================================================================
Received Import Request.
  Time since last request: 0.000010 seconds.
  path: Assets/Galeria/karsiori/TileMap/Tiles/Tilesheet - WOODS_2.asset
  artifactKey: Guid(e19814bf6ff84a34e855cac502c99f01) Importer(815301076,1909f56bfc062723c751e8b465ee728b)
Start importing Assets/Galeria/karsiori/TileMap/Tiles/Tilesheet - WOODS_2.asset using Guid(e19814bf6ff84a34e855cac502c99f01) Importer(815301076,1909f56bfc062723c751e8b465ee728b) (PreviewImporter) -> (artifact id: 'df6ec3ba5c2831bdc335533003a47279') in 0.0082627 seconds
Number of updated asset objects reloaded before import = 0Number of asset objects unloaded after import = 3

========================================================================
Received Import Request.
  Time since last request: 0.000009 seconds.
  path: Assets/Galeria/karsiori/TileMap/Tiles/Tilesheet - WOODS_13.asset
  artifactKey: Guid(0093f13f48b3cd24dad4ba4d67cd8409) Importer(815301076,1909f56bfc062723c751e8b465ee728b)
Start importing Assets/Galeria/karsiori/TileMap/Tiles/Tilesheet - WOODS_13.asset using Guid(0093f13f48b3cd24dad4ba4d67cd8409) Importer(815301076,1909f56bfc062723c751e8b465ee728b) (PreviewImporter) -> (artifact id: '42710fa8c41cddbe3bdccc9d66990b57') in 0.0083517 seconds
Number of updated asset objects reloaded before import = 0Number of asset objects unloaded after import = 3

========================================================================
Received Import Request.
  Time since last request: 0.000010 seconds.
  path: Assets/Galeria/karsiori/TileMap/Tiles/Tilesheet - WOODS_18.asset
  artifactKey: Guid(077ce259dc0997241be9e537bf5662dc) Importer(815301076,1909f56bfc062723c751e8b465ee728b)
Start importing Assets/Galeria/karsiori/TileMap/Tiles/Tilesheet - WOODS_18.asset using Guid(077ce259dc0997241be9e537bf5662dc) Importer(815301076,1909f56bfc062723c751e8b465ee728b) (PreviewImporter) -> (artifact id: '56a98300582824b1617a597d4635aca1') in 0.0085653 seconds
Number of updated asset objects reloaded before import = 0Number of asset objects unloaded after import = 3

========================================================================
Received Import Request.
  Time since last request: 0.000010 seconds.
  path: Assets/Galeria/karsiori/TileMap/Tiles/Tilesheet - WOODS_15.asset
  artifactKey: Guid(7af7730f48b4b8643b73e4bb36b8d351) Importer(815301076,1909f56bfc062723c751e8b465ee728b)
Start importing Assets/Galeria/karsiori/TileMap/Tiles/Tilesheet - WOODS_15.asset using Guid(7af7730f48b4b8643b73e4bb36b8d351) Importer(815301076,1909f56bfc062723c751e8b465ee728b) (PreviewImporter) -> (artifact id: 'bc17850732c6c184cea9f51ceb24c5fb') in 0.0084169 seconds
Number of updated asset objects reloaded before import = 0Number of asset objects unloaded after import = 3

========================================================================
Received Import Request.
  Time since last request: 0.000010 seconds.
  path: Assets/Galeria/karsiori/TileMap/Tiles/Tilesheet - WOODS_26.asset
  artifactKey: Guid(5b1b6f6e234b6f246be8ac8efcf00cbc) Importer(815301076,1909f56bfc062723c751e8b465ee728b)
Start importing Assets/Galeria/karsiori/TileMap/Tiles/Tilesheet - WOODS_26.asset using Guid(5b1b6f6e234b6f246be8ac8efcf00cbc) Importer(815301076,1909f56bfc062723c751e8b465ee728b) (PreviewImporter) -> (artifact id: 'e1edbc17dadacca37a418a1ed140c975') in 0.0082539 seconds
Number of updated asset objects reloaded before import = 0Number of asset objects unloaded after import = 3

========================================================================
Received Import Request.
  Time since last request: 0.000010 seconds.
  path: Assets/Galeria/karsiori/TileMap/Tiles/Tilesheet - WOODS_20.asset
  artifactKey: Guid(a67930f876cbfed41b64d76170a83c9a) Importer(815301076,1909f56bfc062723c751e8b465ee728b)
Start importing Assets/Galeria/karsiori/TileMap/Tiles/Tilesheet - WOODS_20.asset using Guid(a67930f876cbfed41b64d76170a83c9a) Importer(815301076,1909f56bfc062723c751e8b465ee728b) (PreviewImporter) -> (artifact id: '792175e1905a6c7006d9dccc0d4cd430') in 0.0085922 seconds
Number of updated asset objects reloaded before import = 0Number of asset objects unloaded after import = 3

========================================================================
Received Import Request.
  Time since last request: 0.000011 seconds.
  path: Assets/Galeria/karsiori/TileMap/Tiles/Tilesheet - WOODS_32.asset
  artifactKey: Guid(715f043ffa3bd424a83d2f556a730f30) Importer(815301076,1909f56bfc062723c751e8b465ee728b)
Start importing Assets/Galeria/karsiori/TileMap/Tiles/Tilesheet - WOODS_32.asset using Guid(715f043ffa3bd424a83d2f556a730f30) Importer(815301076,1909f56bfc062723c751e8b465ee728b) (PreviewImporter) -> (artifact id: '3c16fa8f782e32c6d40310cd3dc42c54') in 0.0083922 seconds
Number of updated asset objects reloaded before import = 0Number of asset objects unloaded after import = 3

========================================================================
Received Import Request.
  Time since last request: 0.000017 seconds.
  path: Assets/Galeria/karsiori/TileMap/Tiles/Tilesheet - WOODS_34.asset
  artifactKey: Guid(71fa0f766d9658f41bdc53c39b9d6f21) Importer(815301076,1909f56bfc062723c751e8b465ee728b)
Start importing Assets/Galeria/karsiori/TileMap/Tiles/Tilesheet - WOODS_34.asset using Guid(71fa0f766d9658f41bdc53c39b9d6f21) Importer(815301076,1909f56bfc062723c751e8b465ee728b) (PreviewImporter) -> (artifact id: '779080821c59e85ab16cd8345a2d48c8') in 0.0087833 seconds
Number of updated asset objects reloaded before import = 0Number of asset objects unloaded after import = 3

========================================================================
Received Import Request.
  Time since last request: 0.000010 seconds.
  path: Assets/Galeria/karsiori/TileMap/Tiles/Tilesheet - WOODS_24.asset
  artifactKey: Guid(c6a266e3ea92b6d4696006347a1c16ad) Importer(815301076,1909f56bfc062723c751e8b465ee728b)
Start importing Assets/Galeria/karsiori/TileMap/Tiles/Tilesheet - WOODS_24.asset using Guid(c6a266e3ea92b6d4696006347a1c16ad) Importer(815301076,1909f56bfc062723c751e8b465ee728b) (PreviewImporter) -> (artifact id: 'cc61ece8c7363dce319f71b769c49032') in 0.0087128 seconds
Number of updated asset objects reloaded before import = 0Number of asset objects unloaded after import = 3

========================================================================
Received Import Request.
  Time since last request: 0.000011 seconds.
  path: Assets/Galeria/karsiori/TileMap/Tiles/Tilesheet - WOODS_29.asset
  artifactKey: Guid(53acc36a9e4920b41975dd31e092b62a) Importer(815301076,1909f56bfc062723c751e8b465ee728b)
Start importing Assets/Galeria/karsiori/TileMap/Tiles/Tilesheet - WOODS_29.asset using Guid(53acc36a9e4920b41975dd31e092b62a) Importer(815301076,1909f56bfc062723c751e8b465ee728b) (PreviewImporter) -> (artifact id: '520c5329eb3a71c2026b774e11c1b9f6') in 0.0082872 seconds
Number of updated asset objects reloaded before import = 0Number of asset objects unloaded after import = 3

========================================================================
Received Import Request.
  Time since last request: 0.000011 seconds.
  path: Assets/Galeria/karsiori/TileMap/Tiles/Tilesheet - WOODS_19.asset
  artifactKey: Guid(f32d9e1260cb1dd4caa160ac17b4cafc) Importer(815301076,1909f56bfc062723c751e8b465ee728b)
Start importing Assets/Galeria/karsiori/TileMap/Tiles/Tilesheet - WOODS_19.asset using Guid(f32d9e1260cb1dd4caa160ac17b4cafc) Importer(815301076,1909f56bfc062723c751e8b465ee728b) (PreviewImporter) -> (artifact id: '66aa30bb68df38d1be27968a6456d96b') in 0.0086658 seconds
Number of updated asset objects reloaded before import = 0Number of asset objects unloaded after import = 3

========================================================================
Received Import Request.
  Time since last request: 0.000010 seconds.
  path: Assets/Galeria/karsiori/TileMap/Tiles/Tilesheet - WOODS_12.asset
  artifactKey: Guid(8d6f378663f1a7448962dcdd727a4944) Importer(815301076,1909f56bfc062723c751e8b465ee728b)
Start importing Assets/Galeria/karsiori/TileMap/Tiles/Tilesheet - WOODS_12.asset using Guid(8d6f378663f1a7448962dcdd727a4944) Importer(815301076,1909f56bfc062723c751e8b465ee728b) (PreviewImporter) -> (artifact id: '5be443f334c4b50b86563433dd5c5c61') in 0.0081402 seconds
Number of updated asset objects reloaded before import = 0Number of asset objects unloaded after import = 3

========================================================================
Received Import Request.
  Time since last request: 0.000010 seconds.
  path: Assets/Galeria/karsiori/TileMap/Tiles/Tilesheet - WOODS_25.asset
  artifactKey: Guid(6359062e2e25b934db5a935d4bcf1ff9) Importer(815301076,1909f56bfc062723c751e8b465ee728b)
Start importing Assets/Galeria/karsiori/TileMap/Tiles/Tilesheet - WOODS_25.asset using Guid(6359062e2e25b934db5a935d4bcf1ff9) Importer(815301076,1909f56bfc062723c751e8b465ee728b) (PreviewImporter) -> (artifact id: 'a8136a9c6086aab3464ff00567b25199') in 0.0092233 seconds
Number of updated asset objects reloaded before import = 0Number of asset objects unloaded after import = 3

========================================================================
Received Import Request.
  Time since last request: 0.000010 seconds.
  path: Assets/Galeria/karsiori/TileMap/Tiles/Tilesheet - WOODS_4.asset
  artifactKey: Guid(6e8de3d76be31834aac03dbad2304adb) Importer(815301076,1909f56bfc062723c751e8b465ee728b)
Start importing Assets/Galeria/karsiori/TileMap/Tiles/Tilesheet - WOODS_4.asset using Guid(6e8de3d76be31834aac03dbad2304adb) Importer(815301076,1909f56bfc062723c751e8b465ee728b) (PreviewImporter) -> (artifact id: '930a77042ca9e22182936643c6e261b4') in 0.0075494 seconds
Number of updated asset objects reloaded before import = 0Number of asset objects unloaded after import = 3

========================================================================
Received Import Request.
  Time since last request: 0.000012 seconds.
  path: Assets/Galeria/karsiori/TileMap/Tiles/Tilesheet - WOODS_7.asset
  artifactKey: Guid(06a13e209e31d4e4783bef0cf85ff5e9) Importer(815301076,1909f56bfc062723c751e8b465ee728b)
Start importing Assets/Galeria/karsiori/TileMap/Tiles/Tilesheet - WOODS_7.asset using Guid(06a13e209e31d4e4783bef0cf85ff5e9) Importer(815301076,1909f56bfc062723c751e8b465ee728b) (PreviewImporter) -> (artifact id: '831cd2754d31c05d6cce9e705ea833d0') in 0.0083439 seconds
Number of updated asset objects reloaded before import = 0Number of asset objects unloaded after import = 3

========================================================================
Received Import Request.
  Time since last request: 0.064171 seconds.
  path: Assets/Galeria/karsiori/TileMap/Tiles/Tilesheet - WOODS_41.asset
  artifactKey: Guid(8775055d9fe32894fb2d26875a9620eb) Importer(815301076,1909f56bfc062723c751e8b465ee728b)
Start importing Assets/Galeria/karsiori/TileMap/Tiles/Tilesheet - WOODS_41.asset using Guid(8775055d9fe32894fb2d26875a9620eb) Importer(815301076,1909f56bfc062723c751e8b465ee728b) (PreviewImporter) -> (artifact id: 'fe31ec0526e72c29437c2042f39add98') in 0.0095276 seconds
Number of updated asset objects reloaded before import = 0Number of asset objects unloaded after import = 3

========================================================================
Received Import Request.
  Time since last request: 0.000010 seconds.
  path: Assets/Galeria/karsiori/TileMap/Tiles/Tilesheet - WOODS_42.asset
  artifactKey: Guid(9418a91d3bc5ad3449c31778c048790f) Importer(815301076,1909f56bfc062723c751e8b465ee728b)
Start importing Assets/Galeria/karsiori/TileMap/Tiles/Tilesheet - WOODS_42.asset using Guid(9418a91d3bc5ad3449c31778c048790f) Importer(815301076,1909f56bfc062723c751e8b465ee728b) (PreviewImporter) -> (artifact id: 'f8209fe880abc657ba2f2b616774482e') in 0.0076516 seconds
Number of updated asset objects reloaded before import = 0Number of asset objects unloaded after import = 3

========================================================================
Received Import Request.
  Time since last request: 0.000010 seconds.
  path: Assets/Galeria/karsiori/TileMap/Tiles/Tilesheet - WOODS_49.asset
  artifactKey: Guid(d5cf73983213bdf4ebdf6308692316fd) Importer(815301076,1909f56bfc062723c751e8b465ee728b)
Start importing Assets/Galeria/karsiori/TileMap/Tiles/Tilesheet - WOODS_49.asset using Guid(d5cf73983213bdf4ebdf6308692316fd) Importer(815301076,1909f56bfc062723c751e8b465ee728b) (PreviewImporter) -> (artifact id: '293ab2cd1738a902810cc44b3b64f2e1') in 0.0084883 seconds
Number of updated asset objects reloaded before import = 0Number of asset objects unloaded after import = 3

========================================================================
Received Import Request.
  Time since last request: 0.000010 seconds.
  path: Assets/Galeria/karsiori/TileMap/Tiles/Tilesheet - WOODS_61.asset
  artifactKey: Guid(4bd2271b3d6a67444937f0c92bd67018) Importer(815301076,1909f56bfc062723c751e8b465ee728b)
Start importing Assets/Galeria/karsiori/TileMap/Tiles/Tilesheet - WOODS_61.asset using Guid(4bd2271b3d6a67444937f0c92bd67018) Importer(815301076,1909f56bfc062723c751e8b465ee728b) (PreviewImporter) -> (artifact id: 'b4fe8957c21e2638b52baf6e0796489c') in 0.0083014 seconds
Number of updated asset objects reloaded before import = 0Number of asset objects unloaded after import = 3

========================================================================
Received Import Request.
  Time since last request: 0.000010 seconds.
  path: Assets/Galeria/karsiori/TileMap/Tiles/Tilesheet - WOODS_56.asset
  artifactKey: Guid(4d4880ae419443a47ad9cdd5b2b0272f) Importer(815301076,1909f56bfc062723c751e8b465ee728b)
Start importing Assets/Galeria/karsiori/TileMap/Tiles/Tilesheet - WOODS_56.asset using Guid(4d4880ae419443a47ad9cdd5b2b0272f) Importer(815301076,1909f56bfc062723c751e8b465ee728b) (PreviewImporter) -> (artifact id: '3ebcab647b6f53719f6d294fef3125a2') in 0.0081071 seconds
Number of updated asset objects reloaded before import = 0Number of asset objects unloaded after import = 3

========================================================================
Received Import Request.
  Time since last request: 0.000011 seconds.
  path: Assets/Galeria/karsiori/TileMap/Tiles/Tilesheet - WOODS_53.asset
  artifactKey: Guid(6d04f7a0d537f8345a1518988b1255e2) Importer(815301076,1909f56bfc062723c751e8b465ee728b)
Start importing Assets/Galeria/karsiori/TileMap/Tiles/Tilesheet - WOODS_53.asset using Guid(6d04f7a0d537f8345a1518988b1255e2) Importer(815301076,1909f56bfc062723c751e8b465ee728b) (PreviewImporter) -> (artifact id: '69c70b89cb03856df643843f5716b53a') in 0.0079829 seconds
Number of updated asset objects reloaded before import = 0Number of asset objects unloaded after import = 3

========================================================================
Received Import Request.
  Time since last request: 0.000018 seconds.
  path: Assets/Galeria/karsiori/TileMap/Tiles/Tilesheet - WOODS_45.asset
  artifactKey: Guid(35b298bf341462e4095e32ad67cc37a9) Importer(815301076,1909f56bfc062723c751e8b465ee728b)
Start importing Assets/Galeria/karsiori/TileMap/Tiles/Tilesheet - WOODS_45.asset using Guid(35b298bf341462e4095e32ad67cc37a9) Importer(815301076,1909f56bfc062723c751e8b465ee728b) (PreviewImporter) -> (artifact id: '0d4fdbfbcc787ba5e5a22e514f32e765') in 0.0078404 seconds
Number of updated asset objects reloaded before import = 0Number of asset objects unloaded after import = 3

========================================================================
Received Import Request.
  Time since last request: 0.000009 seconds.
  path: Assets/Galeria/karsiori/TileMap/Tiles/Tilesheet - WOODS_59.asset
  artifactKey: Guid(18b9aafa1f6d69f4fba252f4f7537fc1) Importer(815301076,1909f56bfc062723c751e8b465ee728b)
Start importing Assets/Galeria/karsiori/TileMap/Tiles/Tilesheet - WOODS_59.asset using Guid(18b9aafa1f6d69f4fba252f4f7537fc1) Importer(815301076,1909f56bfc062723c751e8b465ee728b) (PreviewImporter) -> (artifact id: '48c2b715a84c7478985ec17ba298ef63') in 0.0043949 seconds
Number of updated asset objects reloaded before import = 0Number of asset objects unloaded after import = 3

========================================================================
Received Import Request.
  Time since last request: 0.000010 seconds.
  path: Assets/Galeria/karsiori/TileMap/Tiles/Tilesheet - WOODS_64.asset
  artifactKey: Guid(df52d654f80c6f843a559c24812871d6) Importer(815301076,1909f56bfc062723c751e8b465ee728b)
Start importing Assets/Galeria/karsiori/TileMap/Tiles/Tilesheet - WOODS_64.asset using Guid(df52d654f80c6f843a559c24812871d6) Importer(815301076,1909f56bfc062723c751e8b465ee728b) (PreviewImporter) -> (artifact id: '315a04f27c7124f743111a5800859818') in 0.0082011 seconds
Number of updated asset objects reloaded before import = 0Number of asset objects unloaded after import = 3

========================================================================
Received Import Request.
  Time since last request: 0.000010 seconds.
  path: Assets/Galeria/karsiori/TileMap/Tiles/Tilesheet - WOODS_58.asset
  artifactKey: Guid(04d699b0e5568554f9e270084254616e) Importer(815301076,1909f56bfc062723c751e8b465ee728b)
Start importing Assets/Galeria/karsiori/TileMap/Tiles/Tilesheet - WOODS_58.asset using Guid(04d699b0e5568554f9e270084254616e) Importer(815301076,1909f56bfc062723c751e8b465ee728b) (PreviewImporter) -> (artifact id: '34b8c96ab9235b2bb76f019e808ba7ad') in 0.0102789 seconds
Number of updated asset objects reloaded before import = 0Number of asset objects unloaded after import = 3

========================================================================
Received Import Request.
  Time since last request: 0.012129 seconds.
  path: Assets/Galeria/karsiori/TileMap/Tiles/Tilesheet - WOODS_71.asset
  artifactKey: Guid(36cbf8b8f9cc9014fb00c7ee7b59d85b) Importer(815301076,1909f56bfc062723c751e8b465ee728b)
Start importing Assets/Galeria/karsiori/TileMap/Tiles/Tilesheet - WOODS_71.asset using Guid(36cbf8b8f9cc9014fb00c7ee7b59d85b) Importer(815301076,1909f56bfc062723c751e8b465ee728b) (PreviewImporter) -> (artifact id: '5eb06f1bc8c1190bccb58d8b99d06154') in 0.0103338 seconds
Number of updated asset objects reloaded before import = 0Number of asset objects unloaded after import = 3

========================================================================
Received Import Request.
  Time since last request: 0.000011 seconds.
  path: Assets/Galeria/karsiori/TileMap/Tiles/Tilesheet - WOODS_74.asset
  artifactKey: Guid(3061cf2f556e3f84989a17004da8c87c) Importer(815301076,1909f56bfc062723c751e8b465ee728b)
Start importing Assets/Galeria/karsiori/TileMap/Tiles/Tilesheet - WOODS_74.asset using Guid(3061cf2f556e3f84989a17004da8c87c) Importer(815301076,1909f56bfc062723c751e8b465ee728b) (PreviewImporter) -> (artifact id: '4096f3c9357dc0c979da88ab10ac3ad0') in 0.0079696 seconds
Number of updated asset objects reloaded before import = 0Number of asset objects unloaded after import = 3

========================================================================
Received Import Request.
  Time since last request: 0.000011 seconds.
  path: Assets/Galeria/karsiori/TileMap/Tiles/Tilesheet - WOODS_81.asset
  artifactKey: Guid(2adf5a8631b4c4d40a272ad9d2a4cb00) Importer(815301076,1909f56bfc062723c751e8b465ee728b)
Start importing Assets/Galeria/karsiori/TileMap/Tiles/Tilesheet - WOODS_81.asset using Guid(2adf5a8631b4c4d40a272ad9d2a4cb00) Importer(815301076,1909f56bfc062723c751e8b465ee728b) (PreviewImporter) -> (artifact id: '9d12fa29c8a87258f012875e11b71e47') in 0.0078589 seconds
Number of updated asset objects reloaded before import = 0Number of asset objects unloaded after import = 3

========================================================================
Received Import Request.
  Time since last request: 0.000023 seconds.
  path: Assets/Galeria/karsiori/TileMap/Tiles/Tilesheet - WOODS_78.asset
  artifactKey: Guid(d2c81206cf6c6604980b14a9d0e763cd) Importer(815301076,1909f56bfc062723c751e8b465ee728b)
Start importing Assets/Galeria/karsiori/TileMap/Tiles/Tilesheet - WOODS_78.asset using Guid(d2c81206cf6c6604980b14a9d0e763cd) Importer(815301076,1909f56bfc062723c751e8b465ee728b) (PreviewImporter) -> (artifact id: 'aaa9dc45b671baf2b6df581ea89167d9') in 0.0040847 seconds
Number of updated asset objects reloaded before import = 0Number of asset objects unloaded after import = 3

========================================================================
Received Import Request.
  Time since last request: 0.000010 seconds.
  path: Assets/Galeria/karsiori/TileMap/Tiles/Tilesheet - WOODS_73.asset
  artifactKey: Guid(3fd439784c4b99248b2f2beba089753c) Importer(815301076,1909f56bfc062723c751e8b465ee728b)
Start importing Assets/Galeria/karsiori/TileMap/Tiles/Tilesheet - WOODS_73.asset using Guid(3fd439784c4b99248b2f2beba089753c) Importer(815301076,1909f56bfc062723c751e8b465ee728b) (PreviewImporter) -> (artifact id: '4f16c0957af3551494d3356aaa7b03bf') in 0.0077775 seconds
Number of updated asset objects reloaded before import = 0Number of asset objects unloaded after import = 3

========================================================================
Received Import Request.
  Time since last request: 0.000009 seconds.
  path: Assets/Galeria/karsiori/TileMap/Tiles/Tilesheet - WOODS_77.asset
  artifactKey: Guid(a9f503f4786af684da1de1c801b84e65) Importer(815301076,1909f56bfc062723c751e8b465ee728b)
Start importing Assets/Galeria/karsiori/TileMap/Tiles/Tilesheet - WOODS_77.asset using Guid(a9f503f4786af684da1de1c801b84e65) Importer(815301076,1909f56bfc062723c751e8b465ee728b) (PreviewImporter) -> (artifact id: '7715d951100c6fa62dde516748b40199') in 0.0082321 seconds
Number of updated asset objects reloaded before import = 0Number of asset objects unloaded after import = 3

Editor requested this worker to shutdown with reason: Scaling down because of idle timeout
AssetImportWorker is now disconnected from the server
Process exiting
Exiting without the bug reporter. Application will terminate with return code 0